Knapsack {
maxWeight: 36
minCost: 4130
items: [
    Item {
    weight: 16
    cost: 818
    }
    Item {
    weight: 9
    cost: 483
    }
    Item {
    weight: 7
    cost: 935
    }
    Item {
    weight: 10
    cost: 656
    }
    Item {
    weight: 17
    cost: 579
    }
    Item {
    weight: 16
    cost: 849
    }
    Item {
    weight: 4
    cost: 776
    }
    Item {
    weight: 2
    cost: 177
    }
    Item {
    weight: 6
    cost: 279
    }
    Item {
    weight: 5
    cost: 990
    }
    Item {
    weight: 15
    cost: 741
    }
    Item {
    weight: 1
    cost: 290
    }
]
}
